// Jest Snapshot v1, https://goo.gl/fbAQLP

exports[`About render correctly 1`] = `
<DocumentFragment>
  <div
    class="container px-5 pt-12 mx-auto"
  >
    <header
      class="flex justify-between items-center mb-12"
    >
      <h1
        class="text-pink-700 text-6xl font-bold leading-10"
      >
        <a
          href="/en/"
        >
          title
        </a>
      </h1>
    </header>
    <div>
      About page
    </div>
  </div>
</DocumentFragment>
`;
