// Jest Snapshot v1, https://goo.gl/fbAQLP

exports[`Home render correctly 1`] = `
<DocumentFragment>
  <div
    class="container pt-6 md:pt-10 lg:pt-12 px-8 md:px-16 lg:px-32 mx-auto"
  >
    <header
      class="flex justify-between items-center mb-6 md:mb-10 lg:mb-12"
    >
      <h1
        class="text-pink-700 text-3xl md:text-4xl lg:text-5xl font-bold leading-10"
      >
        <a
          href="/en/"
          role="link"
        >
          title
        </a>
      </h1>
    </header>
    <main
      role="main"
    >
      <section
        class="flex"
      >
        <div
          class="flex items-center pr-2"
        >
          <img
            alt="avatar"
            class="p-0 m-0 w-10 h-10 md:w-12 md:h-12 rounded-full cursor-pointer"
            src="testurl"
          />
        </div>
        <div
          class="pl-2 grid grid-cols-1 grid-rows-2"
        >
          <span
            class="text-xs md:text-sm"
          >
            headline_1 
            <a
              class="underline text-pink-700"
              href="githuburl"
              rel="noreferrer"
              target="_blank"
            >
              test
            </a>
          </span>
          <span
            class="text-xs md:text-sm"
          >
            headline_2
          </span>
        </div>
      </section>
      <section
        class="grid grid-cols-1 mt-6"
      >
        <div
          class="mb-6"
          data-testid="post"
        >
          <div
            class="grid grid-cols-1"
          >
            <a
              class="text-pink-700 text-xl md:text-2xl font-semibold"
              data-testid="title"
              href="/en/path2"
            >
              title 2
            </a>
            <div
              class="flex flex-col text-sm text-pink-700 text-opacity-75"
            >
              <div
                class="mb-2 sm:mb-0 mr-3"
              >
                0amte_for0amt
              </div>
              <div
                class="flex flex-row flex-wrap"
              >
                <div
                  class="tag tag-ts"
                >
                  JAVASCRIPT
                </div>
              </div>
            </div>
            <div
              class="pt-1"
            >
              excerpt 2
            </div>
          </div>
        </div>
        <div
          class="mb-6"
          data-testid="post"
        >
          <div
            class="grid grid-cols-1"
          >
            <a
              class="text-pink-700 text-xl md:text-2xl font-semibold"
              data-testid="title"
              href="/en/path1"
            >
              title 1
            </a>
            <div
              class="flex flex-col text-sm text-pink-700 text-opacity-75"
            >
              <div
                class="mb-2 sm:mb-0 mr-3"
              >
                6amte_for0amt
              </div>
              <div
                class="flex flex-row flex-wrap"
              >
                <div
                  class="tag tag-ts"
                >
                  JAVASCRIPT
                </div>
              </div>
            </div>
            <div
              class="pt-1"
            >
              excerpt 1
            </div>
          </div>
        </div>
      </section>
    </main>
  </div>
</DocumentFragment>
`;
