// Jest Snapshot v1, https://goo.gl/fbAQLP

exports[`Home render correctly 1`] = `
<DocumentFragment>
  <div
    class="container px-5 pt-8 mx-auto"
  >
    <header
      class="flex justify-between items-center mb-8"
    >
      <h1
        class="text-pink-700 text-4xl font-bold leading-10"
      >
        <a
          href="/en/about/"
        >
          Onyxia
        </a>
      </h1>
      <div>
        Mode
      </div>
    </header>
    <div
      class="grid grid-cols-5 gap-2"
    >
      <div
        class="col-span-1 row-span-2 flex items-center"
      >
        <img
          class="p-0 m-0 w-12 h-12 rounded-full"
          src="testurl"
        />
      </div>
      <div
        class="col-span-4"
      >
        headline_1 
        <a
          class="underline text-pink-700"
          href="https://github.com/dinhhai281"
          rel="noreferrer"
          target="_blank"
        >
          test
        </a>
      </div>
      <div
        class="col-span-4"
      >
        headline_2
      </div>
    </div>
  </div>
</DocumentFragment>
`;
