// Jest Snapshot v1, https://goo.gl/fbAQLP

exports[`BlogItem Component render correctly 1`] = `
<DocumentFragment>
  <div
    class="grid grid-cols-1"
  >
    <a
      class="text-pink-700 text-xl md:text-2xl font-semibold"
      data-testid="title"
      href="/en/path"
    >
      title
    </a>
    <div
      class="text-sm text-pink-700 text-opacity-75"
    >
      0amte_for0amt
    </div>
    <div
      class="pt-3"
    >
      excerpt
    </div>
  </div>
</DocumentFragment>
`;
