// Jest Snapshot v1, https://goo.gl/fbAQLP

exports[`BlogItem Component render correctly 1`] = `
<DocumentFragment>
  <div
    class="grid grid-cols-1"
  >
    <a
      class="text-pink-700 text-xl md:text-2xl font-semibold"
      data-testid="title"
      href="/en/path"
    >
      title
    </a>
    <div
      class="flex flex-col text-sm text-pink-700 text-opacity-75"
    >
      <div
        class="mb-2 sm:mb-0 mr-3"
      >
        0amte_for0amt
      </div>
      <div
        class="flex flex-row flex-wrap"
      >
        <div
          class="tag tag-js"
        >
          JAVASCRIPT
        </div>
      </div>
    </div>
    <div
      class="pt-1"
    >
      excerpt
    </div>
  </div>
</DocumentFragment>
`;
