// Jest Snapshot v1, https://goo.gl/fbAQLP

exports[`Layout renders correctly 1`] = `
<DocumentFragment>
  <div
    class="container pt-6 md:pt-10 lg:pt-12 px-8 md:px-16 lg:px-32 mx-auto"
  >
    <header
      class="flex justify-between items-center mb-6 md:mb-10 lg:mb-12"
    >
      <h1
        class="text-pink-700 text-3xl md:text-4xl lg:text-5xl font-bold leading-10"
      >
        <a
          href="/en/"
          role="link"
        >
          title
        </a>
      </h1>
    </header>
    <main
      role="main"
    />
  </div>
</DocumentFragment>
`;
