// Jest Snapshot v1, https://goo.gl/fbAQLP

exports[`Layout renders correctly 1`] = `
<DocumentFragment>
  <div
    class="container pt-12 mx-auto px-8 md:px-16 lg:px-32"
  >
    <header
      class="flex justify-between items-center mb-12"
    >
      <h1
        class="text-pink-700 text-5xl font-bold leading-10"
      >
        <a
          href="/en/"
        >
          title
        </a>
      </h1>
    </header>
    <main />
  </div>
</DocumentFragment>
`;
